
> vite_react_shadcn_ts@0.0.0 build
> vite build

[36mvite v5.4.19 [32mbuilding for production...[36m[39m
transforming...
node.exe : Browserslist: browsers data (caniuse-lite) is 11 months old. Please run:
No linha:1 caractere:1
+ & "C:\Program Files\nodejs/node.exe" "C:\Program Files\nodejs/node_mo ...
+ ~~~~~~~~~~~~~~~~~~~~~~~~~~~~~~~~~~~~~~~~~~~~~~~~~~~~~~~~~~~~~~~~~~~~~
    + CategoryInfo          : NotSpecified: (Browserslist: b...ld. Please run::String) [], RemoteException
    + FullyQualifiedErrorId : NativeCommandError
 
  npx update-browserslist-db@latest
  Why you should do it regularly: https://github.com/browserslist/update-db#readme
[32mÔ£ô[39m 68 modules transformed.
[31mx[39m Build failed in 7.88s
[31merror during build:
[31m[vite:esbuild] Transform failed with 3 errors:
C:/Users/tiago/OneDrive/Desktop/PROJETOS GITHUB/escola-tiago-oficial/src/components/MateriaDetailModal.tsx:505:14: 
ERROR: Unexpected closing "TabsContent" tag does not match opening "div" tag
C:/Users/tiago/OneDrive/Desktop/PROJETOS GITHUB/escola-tiago-oficial/src/components/MateriaDetailModal.tsx:546:12: 
ERROR: Unexpected closing "Tabs" tag does not match opening "div" tag
C:/Users/tiago/OneDrive/Desktop/PROJETOS GITHUB/escola-tiago-oficial/src/components/MateriaDetailModal.tsx:547:23: 
ERROR: Expected ")" but found "do"[31m
file: [36mC:/Users/tiago/OneDrive/Desktop/PROJETOS 
GITHUB/escola-tiago-oficial/src/components/MateriaDetailModal.tsx:505:14[31m
[33m
[33mUnexpected closing "TabsContent" tag does not match opening "div" tag[33m
503|            </div>
504|  
505|              </TabsContent>
   |                ^
506|  
507|              <TabsContent value="history" className="flex-1 mt-0 outline-none pb-4">

[33mUnexpected closing "Tabs" tag does not match opening "div" tag[33m
544|                )}
545|              </TabsContent>
546|            </Tabs>
   |              ^
547|          </div> {/* fim do scroll unificado */}
548|        </DialogContent>

[33mExpected ")" but found "do"[33m
545|              </TabsContent>
546|            </Tabs>
547|          </div> {/* fim do scroll unificado */}
   |                         ^
548|        </DialogContent>
549|      </Dialog>
[31m
    at failureErrorWithLog (C:\Users\tiago\OneDrive\Desktop\PROJETOS 
GITHUB\escola-tiago-oficial\node_modules\esbuild\lib\main.js:1472:15)
    at C:\Users\tiago\OneDrive\Desktop\PROJETOS GITHUB\escola-tiago-oficial\node_modules\esbuild\lib\main.js:755:50
    at responseCallbacks.<computed> (C:\Users\tiago\OneDrive\Desktop\PROJETOS 
GITHUB\escola-tiago-oficial\node_modules\esbuild\lib\main.js:622:9)
    at handleIncomingPacket (C:\Users\tiago\OneDrive\Desktop\PROJETOS 
GITHUB\escola-tiago-oficial\node_modules\esbuild\lib\main.js:677:12)
    at Socket.readFromStdout (C:\Users\tiago\OneDrive\Desktop\PROJETOS 
GITHUB\escola-tiago-oficial\node_modules\esbuild\lib\main.js:600:7)
    at Socket.emit (node:events:508:28)
    at addChunk (node:internal/streams/readable:563:12)
    at readableAddChunkPushByteMode (node:internal/streams/readable:514:3)
    at Readable.push (node:internal/streams/readable:394:5)
    at Pipe.onStreamRead (node:internal/stream_base_commons:189:23)[39m
